[2021-07-13T12:37:52.792-0100][gc,heap] Heap region size: 1M
[2021-07-13T12:37:52.802-0100][gc     ] Using G1
[2021-07-13T12:37:52.802-0100][gc,heap,coops] Heap address: 0x00000007c0000000, size: 1024 MB, Compressed Oops mode: Zero based, Oop shift amount: 3
[2021-07-13T12:37:58.895-0100][gc,start     ] GC(0) Pause Young (Concurrent Start) (Metadata GC Threshold)
[2021-07-13T12:37:58.896-0100][gc,task      ] GC(0) Using 8 workers of 8 for evacuation
[2021-07-13T12:37:58.906-0100][gc,phases    ] GC(0)   Pre Evacuate Collection Set: 0.0ms
[2021-07-13T12:37:58.906-0100][gc,phases    ] GC(0)   Evacuate Collection Set: 8.9ms
[2021-07-13T12:37:58.906-0100][gc,phases    ] GC(0)   Post Evacuate Collection Set: 0.4ms
[2021-07-13T12:37:58.906-0100][gc,phases    ] GC(0)   Other: 1.4ms
[2021-07-13T12:37:58.906-0100][gc,heap      ] GC(0) Eden regions: 43->0(44)
[2021-07-13T12:37:58.906-0100][gc,heap      ] GC(0) Survivor regions: 0->7(7)
[2021-07-13T12:37:58.906-0100][gc,heap      ] GC(0) Old regions: 0->0
[2021-07-13T12:37:58.906-0100][gc,heap      ] GC(0) Humongous regions: 1->1
[2021-07-13T12:37:58.906-0100][gc,metaspace ] GC(0) Metaspace: 20639K->20639K(1069056K)
[2021-07-13T12:37:58.906-0100][gc           ] GC(0) Pause Young (Concurrent Start) (Metadata GC Threshold) 43M->7M(1024M) 10.818ms
[2021-07-13T12:37:58.906-0100][gc,cpu       ] GC(0) User=0.02s Sys=0.01s Real=0.01s
[2021-07-13T12:37:58.906-0100][gc           ] GC(1) Concurrent Cycle
[2021-07-13T12:37:58.906-0100][gc,marking   ] GC(1) Concurrent Clear Claimed Marks
[2021-07-13T12:37:58.906-0100][gc,marking   ] GC(1) Concurrent Clear Claimed Marks 0.018ms
[2021-07-13T12:37:58.906-0100][gc,marking   ] GC(1) Concurrent Scan Root Regions
[2021-07-13T12:37:58.908-0100][gc,marking   ] GC(1) Concurrent Scan Root Regions 1.744ms
[2021-07-13T12:37:58.908-0100][gc,marking   ] GC(1) Concurrent Mark (6.124s)
[2021-07-13T12:37:58.908-0100][gc,marking   ] GC(1) Concurrent Mark From Roots
[2021-07-13T12:37:58.908-0100][gc,task      ] GC(1) Using 2 workers of 2 for marking
[2021-07-13T12:37:58.908-0100][gc,marking   ] GC(1) Concurrent Mark From Roots 0.162ms
[2021-07-13T12:37:58.908-0100][gc,marking   ] GC(1) Concurrent Preclean
[2021-07-13T12:37:58.908-0100][gc,marking   ] GC(1) Concurrent Preclean 0.030ms
[2021-07-13T12:37:58.908-0100][gc,marking   ] GC(1) Concurrent Mark (6.124s, 6.124s) 0.242ms
[2021-07-13T12:37:58.908-0100][gc,start     ] GC(1) Pause Remark
[2021-07-13T12:37:58.909-0100][gc,stringtable] GC(1) Cleaned string and symbol table, strings: 7941 processed, 0 removed, symbols: 65344 processed, 37 removed
[2021-07-13T12:37:58.909-0100][gc            ] GC(1) Pause Remark 7M->7M(1024M) 1.152ms
[2021-07-13T12:37:58.909-0100][gc,cpu        ] GC(1) User=0.01s Sys=0.00s Real=0.00s
[2021-07-13T12:37:58.909-0100][gc,marking    ] GC(1) Concurrent Rebuild Remembered Sets
[2021-07-13T12:37:58.909-0100][gc,marking    ] GC(1) Concurrent Rebuild Remembered Sets 0.063ms
[2021-07-13T12:37:58.909-0100][gc,start      ] GC(1) Pause Cleanup
[2021-07-13T12:37:58.910-0100][gc            ] GC(1) Pause Cleanup 7M->7M(1024M) 0.138ms
[2021-07-13T12:37:58.910-0100][gc,cpu        ] GC(1) User=0.00s Sys=0.00s Real=0.01s
[2021-07-13T12:37:58.910-0100][gc,marking    ] GC(1) Concurrent Cleanup for Next Mark
[2021-07-13T12:37:58.915-0100][gc,marking    ] GC(1) Concurrent Cleanup for Next Mark 5.723ms
[2021-07-13T12:37:58.915-0100][gc            ] GC(1) Concurrent Cycle 9.482ms
[2021-07-13T12:37:59.693-0100][gc,start      ] GC(2) Pause Young (Normal) (G1 Evacuation Pause)
[2021-07-13T12:37:59.694-0100][gc,task       ] GC(2) Using 8 workers of 8 for evacuation
[2021-07-13T12:37:59.704-0100][gc,phases     ] GC(2)   Pre Evacuate Collection Set: 0.0ms
[2021-07-13T12:37:59.704-0100][gc,phases     ] GC(2)   Evacuate Collection Set: 9.3ms
[2021-07-13T12:37:59.704-0100][gc,phases     ] GC(2)   Post Evacuate Collection Set: 0.6ms
[2021-07-13T12:37:59.704-0100][gc,phases     ] GC(2)   Other: 0.1ms
[2021-07-13T12:37:59.704-0100][gc,heap       ] GC(2) Eden regions: 44->0(47)
[2021-07-13T12:37:59.704-0100][gc,heap       ] GC(2) Survivor regions: 7->4(7)
[2021-07-13T12:37:59.704-0100][gc,heap       ] GC(2) Old regions: 0->6
[2021-07-13T12:37:59.704-0100][gc,heap       ] GC(2) Humongous regions: 130->130
[2021-07-13T12:37:59.704-0100][gc,metaspace  ] GC(2) Metaspace: 29798K->29798K(1077248K)
[2021-07-13T12:37:59.704-0100][gc            ] GC(2) Pause Young (Normal) (G1 Evacuation Pause) 180M->138M(1024M) 10.224ms
[2021-07-13T12:37:59.704-0100][gc,cpu        ] GC(2) User=0.05s Sys=0.01s Real=0.01s
[2021-07-13T12:40:42.884-0100][gc,start      ] GC(3) Pause Young (Concurrent Start) (Metadata GC Threshold)
[2021-07-13T12:40:42.884-0100][gc,task       ] GC(3) Using 8 workers of 8 for evacuation
[2021-07-13T12:40:42.889-0100][gc,phases     ] GC(3)   Pre Evacuate Collection Set: 0.1ms
[2021-07-13T12:40:42.889-0100][gc,phases     ] GC(3)   Evacuate Collection Set: 4.3ms
[2021-07-13T12:40:42.889-0100][gc,phases     ] GC(3)   Post Evacuate Collection Set: 0.3ms
[2021-07-13T12:40:42.889-0100][gc,phases     ] GC(3)   Other: 0.6ms
[2021-07-13T12:40:42.889-0100][gc,heap       ] GC(3) Eden regions: 46->0(46)
[2021-07-13T12:40:42.889-0100][gc,heap       ] GC(3) Survivor regions: 4->5(7)
[2021-07-13T12:40:42.889-0100][gc,heap       ] GC(3) Old regions: 6->6
[2021-07-13T12:40:42.889-0100][gc,heap       ] GC(3) Humongous regions: 130->130
[2021-07-13T12:40:42.889-0100][gc,metaspace  ] GC(3) Metaspace: 34978K->34978K(1081344K)
[2021-07-13T12:40:42.889-0100][gc            ] GC(3) Pause Young (Concurrent Start) (Metadata GC Threshold) 183M->140M(1024M) 5.292ms
[2021-07-13T12:40:42.889-0100][gc,cpu        ] GC(3) User=0.03s Sys=0.00s Real=0.00s
[2021-07-13T12:40:42.889-0100][gc            ] GC(4) Concurrent Cycle
[2021-07-13T12:40:42.889-0100][gc,marking    ] GC(4) Concurrent Clear Claimed Marks
[2021-07-13T12:40:42.889-0100][gc,marking    ] GC(4) Concurrent Clear Claimed Marks 0.029ms
[2021-07-13T12:40:42.890-0100][gc,marking    ] GC(4) Concurrent Scan Root Regions
[2021-07-13T12:40:42.892-0100][gc,marking    ] GC(4) Concurrent Scan Root Regions 2.694ms
[2021-07-13T12:40:42.892-0100][gc,marking    ] GC(4) Concurrent Mark (170.113s)
[2021-07-13T12:40:42.892-0100][gc,marking    ] GC(4) Concurrent Mark From Roots
[2021-07-13T12:40:42.892-0100][gc,task       ] GC(4) Using 2 workers of 2 for marking
[2021-07-13T12:40:42.898-0100][gc,marking    ] GC(4) Concurrent Mark From Roots 5.793ms
[2021-07-13T12:40:42.898-0100][gc,marking    ] GC(4) Concurrent Preclean
[2021-07-13T12:40:42.898-0100][gc,marking    ] GC(4) Concurrent Preclean 0.128ms
[2021-07-13T12:40:42.898-0100][gc,marking    ] GC(4) Concurrent Mark (170.113s, 170.119s) 6.044ms
[2021-07-13T12:40:42.898-0100][gc,start      ] GC(4) Pause Remark
[2021-07-13T12:40:42.901-0100][gc,stringtable] GC(4) Cleaned string and symbol table, strings: 13131 processed, 6 removed, symbols: 94302 processed, 12 removed
[2021-07-13T12:40:42.901-0100][gc            ] GC(4) Pause Remark 140M->140M(1024M) 2.573ms
[2021-07-13T12:40:42.901-0100][gc,cpu        ] GC(4) User=0.02s Sys=0.00s Real=0.01s
[2021-07-13T12:40:42.901-0100][gc,marking    ] GC(4) Concurrent Rebuild Remembered Sets
[2021-07-13T12:40:42.905-0100][gc,marking    ] GC(4) Concurrent Rebuild Remembered Sets 3.703ms
[2021-07-13T12:40:42.905-0100][gc,start      ] GC(4) Pause Cleanup
[2021-07-13T12:40:42.905-0100][gc            ] GC(4) Pause Cleanup 141M->141M(1024M) 0.133ms
[2021-07-13T12:40:42.905-0100][gc,cpu        ] GC(4) User=0.00s Sys=0.00s Real=0.00s
[2021-07-13T12:40:42.905-0100][gc,marking    ] GC(4) Concurrent Cleanup for Next Mark
[2021-07-13T12:40:42.913-0100][gc,marking    ] GC(4) Concurrent Cleanup for Next Mark 8.337ms
[2021-07-13T12:40:42.913-0100][gc            ] GC(4) Concurrent Cycle 24.040ms
[2021-07-13T12:50:17.840-0100][gc,start      ] GC(5) Pause Young (Normal) (G1 Evacuation Pause)
[2021-07-13T12:50:17.840-0100][gc,task       ] GC(5) Using 8 workers of 8 for evacuation
[2021-07-13T12:50:17.845-0100][gc,phases     ] GC(5)   Pre Evacuate Collection Set: 0.0ms
[2021-07-13T12:50:17.845-0100][gc,phases     ] GC(5)   Evacuate Collection Set: 4.9ms
[2021-07-13T12:50:17.845-0100][gc,phases     ] GC(5)   Post Evacuate Collection Set: 0.3ms
[2021-07-13T12:50:17.845-0100][gc,phases     ] GC(5)   Other: 0.4ms
[2021-07-13T12:50:17.845-0100][gc,heap       ] GC(5) Eden regions: 46->0(47)
[2021-07-13T12:50:17.845-0100][gc,heap       ] GC(5) Survivor regions: 5->4(7)
[2021-07-13T12:50:17.845-0100][gc,heap       ] GC(5) Old regions: 6->9
[2021-07-13T12:50:17.845-0100][gc,heap       ] GC(5) Humongous regions: 130->130
[2021-07-13T12:50:17.845-0100][gc,metaspace  ] GC(5) Metaspace: 37026K->37026K(1083392K)
[2021-07-13T12:50:17.845-0100][gc            ] GC(5) Pause Young (Normal) (G1 Evacuation Pause) 186M->142M(1024M) 5.774ms
[2021-07-13T12:50:17.845-0100][gc,cpu        ] GC(5) User=0.03s Sys=0.01s Real=0.00s
[2021-07-13T13:01:25.358-0100][gc,start      ] GC(6) Pause Young (Normal) (G1 Evacuation Pause)
[2021-07-13T13:01:25.358-0100][gc,task       ] GC(6) Using 8 workers of 8 for evacuation
[2021-07-13T13:01:25.363-0100][gc,phases     ] GC(6)   Pre Evacuate Collection Set: 0.0ms
[2021-07-13T13:01:25.363-0100][gc,phases     ] GC(6)   Evacuate Collection Set: 4.5ms
[2021-07-13T13:01:25.363-0100][gc,phases     ] GC(6)   Post Evacuate Collection Set: 0.3ms
[2021-07-13T13:01:25.363-0100][gc,phases     ] GC(6)   Other: 0.5ms
[2021-07-13T13:01:25.363-0100][gc,heap       ] GC(6) Eden regions: 47->0(46)
[2021-07-13T13:01:25.363-0100][gc,heap       ] GC(6) Survivor regions: 4->5(7)
[2021-07-13T13:01:25.363-0100][gc,heap       ] GC(6) Old regions: 9->9
[2021-07-13T13:01:25.363-0100][gc,heap       ] GC(6) Humongous regions: 130->130
[2021-07-13T13:01:25.363-0100][gc,metaspace  ] GC(6) Metaspace: 37201K->37201K(1083392K)
[2021-07-13T13:01:25.363-0100][gc            ] GC(6) Pause Young (Normal) (G1 Evacuation Pause) 189M->142M(1024M) 5.524ms
[2021-07-13T13:01:25.363-0100][gc,cpu        ] GC(6) User=0.03s Sys=0.01s Real=0.01s
[2021-07-13T13:11:56.858-0100][gc,start      ] GC(7) Pause Young (Normal) (G1 Evacuation Pause)
[2021-07-13T13:11:56.858-0100][gc,task       ] GC(7) Using 8 workers of 8 for evacuation
[2021-07-13T13:11:56.862-0100][gc,phases     ] GC(7)   Pre Evacuate Collection Set: 0.0ms
[2021-07-13T13:11:56.862-0100][gc,phases     ] GC(7)   Evacuate Collection Set: 3.6ms
[2021-07-13T13:11:56.862-0100][gc,phases     ] GC(7)   Post Evacuate Collection Set: 0.3ms
[2021-07-13T13:11:56.862-0100][gc,phases     ] GC(7)   Other: 0.6ms
[2021-07-13T13:11:56.862-0100][gc,heap       ] GC(7) Eden regions: 46->0(48)
[2021-07-13T13:11:56.862-0100][gc,heap       ] GC(7) Survivor regions: 5->3(7)
[2021-07-13T13:11:56.862-0100][gc,heap       ] GC(7) Old regions: 9->11
[2021-07-13T13:11:56.862-0100][gc,heap       ] GC(7) Humongous regions: 130->130
[2021-07-13T13:11:56.862-0100][gc,metaspace  ] GC(7) Metaspace: 37565K->37565K(1083392K)
[2021-07-13T13:11:56.862-0100][gc            ] GC(7) Pause Young (Normal) (G1 Evacuation Pause) 188M->143M(1024M) 4.566ms
[2021-07-13T13:11:56.863-0100][gc,cpu        ] GC(7) User=0.03s Sys=0.00s Real=0.01s
[2021-07-13T13:19:19.631-0100][gc,start      ] GC(8) Pause Young (Normal) (G1 Evacuation Pause)
[2021-07-13T13:19:19.632-0100][gc,task       ] GC(8) Using 8 workers of 8 for evacuation
[2021-07-13T13:19:19.635-0100][gc,phases     ] GC(8)   Pre Evacuate Collection Set: 0.0ms
[2021-07-13T13:19:19.635-0100][gc,phases     ] GC(8)   Evacuate Collection Set: 2.7ms
[2021-07-13T13:19:19.635-0100][gc,phases     ] GC(8)   Post Evacuate Collection Set: 0.2ms
[2021-07-13T13:19:19.635-0100][gc,phases     ] GC(8)   Other: 0.5ms
[2021-07-13T13:19:19.635-0100][gc,heap       ] GC(8) Eden regions: 48->0(49)
[2021-07-13T13:19:19.635-0100][gc,heap       ] GC(8) Survivor regions: 3->3(7)
[2021-07-13T13:19:19.635-0100][gc,heap       ] GC(8) Old regions: 11->11
[2021-07-13T13:19:19.635-0100][gc,heap       ] GC(8) Humongous regions: 130->130
[2021-07-13T13:19:19.635-0100][gc,metaspace  ] GC(8) Metaspace: 37876K->37876K(1083392K)
[2021-07-13T13:19:19.635-0100][gc            ] GC(8) Pause Young (Normal) (G1 Evacuation Pause) 191M->143M(1024M) 3.637ms
[2021-07-13T13:19:19.635-0100][gc,cpu        ] GC(8) User=0.01s Sys=0.00s Real=0.00s
