[2021-07-13T12:31:55.409-0100][gc,heap] Heap region size: 1M
[2021-07-13T12:31:55.420-0100][gc     ] Using G1
[2021-07-13T12:31:55.420-0100][gc,heap,coops] Heap address: 0x00000007c0000000, size: 1024 MB, Compressed Oops mode: Zero based, Oop shift amount: 3
[2021-07-13T12:32:01.798-0100][gc,start     ] GC(0) Pause Young (Concurrent Start) (Metadata GC Threshold)
[2021-07-13T12:32:01.799-0100][gc,task      ] GC(0) Using 8 workers of 8 for evacuation
[2021-07-13T12:32:01.807-0100][gc,phases    ] GC(0)   Pre Evacuate Collection Set: 0.0ms
[2021-07-13T12:32:01.807-0100][gc,phases    ] GC(0)   Evacuate Collection Set: 7.2ms
[2021-07-13T12:32:01.807-0100][gc,phases    ] GC(0)   Post Evacuate Collection Set: 0.4ms
[2021-07-13T12:32:01.807-0100][gc,phases    ] GC(0)   Other: 1.4ms
[2021-07-13T12:32:01.807-0100][gc,heap      ] GC(0) Eden regions: 43->0(45)
[2021-07-13T12:32:01.807-0100][gc,heap      ] GC(0) Survivor regions: 0->6(7)
[2021-07-13T12:32:01.807-0100][gc,heap      ] GC(0) Old regions: 0->0
[2021-07-13T12:32:01.807-0100][gc,heap      ] GC(0) Humongous regions: 1->1
[2021-07-13T12:32:01.807-0100][gc,metaspace ] GC(0) Metaspace: 20640K->20640K(1069056K)
[2021-07-13T12:32:01.807-0100][gc           ] GC(0) Pause Young (Concurrent Start) (Metadata GC Threshold) 43M->7M(1024M) 9.238ms
[2021-07-13T12:32:01.807-0100][gc,cpu       ] GC(0) User=0.02s Sys=0.01s Real=0.01s
[2021-07-13T12:32:01.807-0100][gc           ] GC(1) Concurrent Cycle
[2021-07-13T12:32:01.807-0100][gc,marking   ] GC(1) Concurrent Clear Claimed Marks
[2021-07-13T12:32:01.807-0100][gc,marking   ] GC(1) Concurrent Clear Claimed Marks 0.034ms
[2021-07-13T12:32:01.807-0100][gc,marking   ] GC(1) Concurrent Scan Root Regions
[2021-07-13T12:32:01.809-0100][gc,marking   ] GC(1) Concurrent Scan Root Regions 2.256ms
[2021-07-13T12:32:01.809-0100][gc,marking   ] GC(1) Concurrent Mark (6.410s)
[2021-07-13T12:32:01.809-0100][gc,marking   ] GC(1) Concurrent Mark From Roots
[2021-07-13T12:32:01.809-0100][gc,task      ] GC(1) Using 2 workers of 2 for marking
[2021-07-13T12:32:01.810-0100][gc,marking   ] GC(1) Concurrent Mark From Roots 0.189ms
[2021-07-13T12:32:01.810-0100][gc,marking   ] GC(1) Concurrent Preclean
[2021-07-13T12:32:01.810-0100][gc,marking   ] GC(1) Concurrent Preclean 0.032ms
[2021-07-13T12:32:01.810-0100][gc,marking   ] GC(1) Concurrent Mark (6.410s, 6.411s) 0.283ms
[2021-07-13T12:32:01.810-0100][gc,start     ] GC(1) Pause Remark
[2021-07-13T12:32:01.811-0100][gc,stringtable] GC(1) Cleaned string and symbol table, strings: 7939 processed, 0 removed, symbols: 65344 processed, 37 removed
[2021-07-13T12:32:01.812-0100][gc            ] GC(1) Pause Remark 7M->7M(1024M) 2.079ms
[2021-07-13T12:32:01.812-0100][gc,cpu        ] GC(1) User=0.02s Sys=0.00s Real=0.00s
[2021-07-13T12:32:01.812-0100][gc,marking    ] GC(1) Concurrent Rebuild Remembered Sets
[2021-07-13T12:32:01.812-0100][gc,marking    ] GC(1) Concurrent Rebuild Remembered Sets 0.076ms
[2021-07-13T12:32:01.812-0100][gc,start      ] GC(1) Pause Cleanup
[2021-07-13T12:32:01.812-0100][gc            ] GC(1) Pause Cleanup 7M->7M(1024M) 0.149ms
[2021-07-13T12:32:01.812-0100][gc,cpu        ] GC(1) User=0.00s Sys=0.00s Real=0.00s
[2021-07-13T12:32:01.812-0100][gc,marking    ] GC(1) Concurrent Cleanup for Next Mark
[2021-07-13T12:32:01.818-0100][gc,marking    ] GC(1) Concurrent Cleanup for Next Mark 6.149ms
[2021-07-13T12:32:01.818-0100][gc            ] GC(1) Concurrent Cycle 11.597ms
[2021-07-13T12:32:04.076-0100][gc,heap,exit  ] Heap
[2021-07-13T12:32:04.076-0100][gc,heap,exit  ]  garbage-first heap   total 1048576K, used 25600K [0x00000007c0000000, 0x0000000800000000)
[2021-07-13T12:32:04.076-0100][gc,heap,exit  ]   region size 1024K, 25 young (25600K), 6 survivors (6144K)
[2021-07-13T12:32:04.076-0100][gc,heap,exit  ]  Metaspace       used 25082K, capacity 25455K, committed 26032K, reserved 1073152K
[2021-07-13T12:32:04.076-0100][gc,heap,exit  ]   class space    used 3074K, capacity 3221K, committed 3328K, reserved 1048576K
