[2021-07-13T12:34:58.589-0100][gc,heap] Heap region size: 1M
[2021-07-13T12:34:58.609-0100][gc     ] Using G1
[2021-07-13T12:34:58.609-0100][gc,heap,coops] Heap address: 0x00000007c0000000, size: 1024 MB, Compressed Oops mode: Zero based, Oop shift amount: 3
[2021-07-13T12:35:04.855-0100][gc,start     ] GC(0) Pause Young (Concurrent Start) (Metadata GC Threshold)
[2021-07-13T12:35:04.856-0100][gc,task      ] GC(0) Using 8 workers of 8 for evacuation
[2021-07-13T12:35:04.865-0100][gc,phases    ] GC(0)   Pre Evacuate Collection Set: 0.0ms
[2021-07-13T12:35:04.865-0100][gc,phases    ] GC(0)   Evacuate Collection Set: 7.8ms
[2021-07-13T12:35:04.865-0100][gc,phases    ] GC(0)   Post Evacuate Collection Set: 0.4ms
[2021-07-13T12:35:04.865-0100][gc,phases    ] GC(0)   Other: 1.2ms
[2021-07-13T12:35:04.865-0100][gc,heap      ] GC(0) Eden regions: 43->0(44)
[2021-07-13T12:35:04.865-0100][gc,heap      ] GC(0) Survivor regions: 0->7(7)
[2021-07-13T12:35:04.865-0100][gc,heap      ] GC(0) Old regions: 0->0
[2021-07-13T12:35:04.865-0100][gc,heap      ] GC(0) Humongous regions: 1->1
[2021-07-13T12:35:04.865-0100][gc,metaspace ] GC(0) Metaspace: 20628K->20628K(1069056K)
[2021-07-13T12:35:04.865-0100][gc           ] GC(0) Pause Young (Concurrent Start) (Metadata GC Threshold) 44M->7M(1024M) 9.641ms
[2021-07-13T12:35:04.865-0100][gc,cpu       ] GC(0) User=0.02s Sys=0.01s Real=0.01s
[2021-07-13T12:35:04.865-0100][gc           ] GC(1) Concurrent Cycle
[2021-07-13T12:35:04.865-0100][gc,marking   ] GC(1) Concurrent Clear Claimed Marks
[2021-07-13T12:35:04.865-0100][gc,marking   ] GC(1) Concurrent Clear Claimed Marks 0.016ms
[2021-07-13T12:35:04.865-0100][gc,marking   ] GC(1) Concurrent Scan Root Regions
[2021-07-13T12:35:04.867-0100][gc,marking   ] GC(1) Concurrent Scan Root Regions 1.799ms
[2021-07-13T12:35:04.867-0100][gc,marking   ] GC(1) Concurrent Mark (6.286s)
[2021-07-13T12:35:04.867-0100][gc,marking   ] GC(1) Concurrent Mark From Roots
[2021-07-13T12:35:04.867-0100][gc,task      ] GC(1) Using 2 workers of 2 for marking
[2021-07-13T12:35:04.867-0100][gc,marking   ] GC(1) Concurrent Mark From Roots 0.156ms
[2021-07-13T12:35:04.867-0100][gc,marking   ] GC(1) Concurrent Preclean
[2021-07-13T12:35:04.867-0100][gc,marking   ] GC(1) Concurrent Preclean 0.030ms
[2021-07-13T12:35:04.867-0100][gc,marking   ] GC(1) Concurrent Mark (6.286s, 6.287s) 0.237ms
[2021-07-13T12:35:04.867-0100][gc,start     ] GC(1) Pause Remark
[2021-07-13T12:35:04.868-0100][gc,stringtable] GC(1) Cleaned string and symbol table, strings: 7950 processed, 0 removed, symbols: 65344 processed, 37 removed
[2021-07-13T12:35:04.868-0100][gc            ] GC(1) Pause Remark 7M->7M(1024M) 1.102ms
[2021-07-13T12:35:04.868-0100][gc,cpu        ] GC(1) User=0.00s Sys=0.00s Real=0.00s
[2021-07-13T12:35:04.868-0100][gc,marking    ] GC(1) Concurrent Rebuild Remembered Sets
[2021-07-13T12:35:04.869-0100][gc,marking    ] GC(1) Concurrent Rebuild Remembered Sets 0.074ms
[2021-07-13T12:35:04.869-0100][gc,start      ] GC(1) Pause Cleanup
[2021-07-13T12:35:04.869-0100][gc            ] GC(1) Pause Cleanup 7M->7M(1024M) 0.114ms
[2021-07-13T12:35:04.869-0100][gc,cpu        ] GC(1) User=0.01s Sys=0.00s Real=0.00s
[2021-07-13T12:35:04.869-0100][gc,marking    ] GC(1) Concurrent Cleanup for Next Mark
[2021-07-13T12:35:04.875-0100][gc,marking    ] GC(1) Concurrent Cleanup for Next Mark 5.874ms
[2021-07-13T12:35:04.875-0100][gc            ] GC(1) Concurrent Cycle 9.696ms
[2021-07-13T12:35:08.124-0100][gc,start      ] GC(2) Pause Young (Normal) (G1 Evacuation Pause)
[2021-07-13T12:35:08.124-0100][gc,task       ] GC(2) Using 8 workers of 8 for evacuation
[2021-07-13T12:35:08.132-0100][gc,phases     ] GC(2)   Pre Evacuate Collection Set: 0.0ms
[2021-07-13T12:35:08.132-0100][gc,phases     ] GC(2)   Evacuate Collection Set: 7.1ms
[2021-07-13T12:35:08.132-0100][gc,phases     ] GC(2)   Post Evacuate Collection Set: 0.7ms
[2021-07-13T12:35:08.132-0100][gc,phases     ] GC(2)   Other: 0.2ms
[2021-07-13T12:35:08.132-0100][gc,heap       ] GC(2) Eden regions: 44->0(48)
[2021-07-13T12:35:08.132-0100][gc,heap       ] GC(2) Survivor regions: 7->3(7)
[2021-07-13T12:35:08.132-0100][gc,heap       ] GC(2) Old regions: 0->7
[2021-07-13T12:35:08.132-0100][gc,heap       ] GC(2) Humongous regions: 130->1
[2021-07-13T12:35:08.132-0100][gc,metaspace  ] GC(2) Metaspace: 29230K->29230K(1075200K)
[2021-07-13T12:35:08.132-0100][gc            ] GC(2) Pause Young (Normal) (G1 Evacuation Pause) 180M->9M(1024M) 8.087ms
[2021-07-13T12:35:08.132-0100][gc,cpu        ] GC(2) User=0.04s Sys=0.00s Real=0.01s
[2021-07-13T12:35:08.148-0100][gc,heap,exit  ] Heap
[2021-07-13T12:35:08.148-0100][gc,heap,exit  ]  garbage-first heap   total 1048576K, used 11545K [0x00000007c0000000, 0x0000000800000000)
[2021-07-13T12:35:08.148-0100][gc,heap,exit  ]   region size 1024K, 6 young (6144K), 3 survivors (3072K)
[2021-07-13T12:35:08.148-0100][gc,heap,exit  ]  Metaspace       used 29294K, capacity 29800K, committed 30128K, reserved 1075200K
[2021-07-13T12:35:08.148-0100][gc,heap,exit  ]   class space    used 3658K, capacity 3815K, committed 3840K, reserved 1048576K
