[2021-07-13T12:37:21.819-0100][gc,heap] Heap region size: 1M
[2021-07-13T12:37:21.825-0100][gc     ] Using G1
[2021-07-13T12:37:21.825-0100][gc,heap,coops] Heap address: 0x00000007e0000000, size: 512 MB, Compressed Oops mode: Zero based, Oop shift amount: 3
[2021-07-13T13:00:58.099-0100][gc,start     ] GC(0) Pause Young (Normal) (G1 Evacuation Pause)
[2021-07-13T13:00:58.101-0100][gc,task      ] GC(0) Using 8 workers of 8 for evacuation
[2021-07-13T13:00:58.131-0100][gc,mmu       ] GC(0) MMU target violated: 21.0ms (20.0ms/21.0ms)
[2021-07-13T13:00:58.131-0100][gc,phases    ] GC(0)   Pre Evacuate Collection Set: 0.7ms
[2021-07-13T13:00:58.131-0100][gc,phases    ] GC(0)   Evacuate Collection Set: 29.3ms
[2021-07-13T13:00:58.131-0100][gc,phases    ] GC(0)   Post Evacuate Collection Set: 0.5ms
[2021-07-13T13:00:58.131-0100][gc,phases    ] GC(0)   Other: 2.3ms
[2021-07-13T13:00:58.131-0100][gc,heap      ] GC(0) Eden regions: 25->0(21)
[2021-07-13T13:00:58.131-0100][gc,heap      ] GC(0) Survivor regions: 0->4(4)
[2021-07-13T13:00:58.131-0100][gc,heap      ] GC(0) Old regions: 0->2
[2021-07-13T13:00:58.131-0100][gc,heap      ] GC(0) Humongous regions: 1->1
[2021-07-13T13:00:58.131-0100][gc,metaspace ] GC(0) Metaspace: 15233K->15233K(1062912K)
[2021-07-13T13:00:58.131-0100][gc           ] GC(0) Pause Young (Normal) (G1 Evacuation Pause) 26M->6M(512M) 32.840ms
[2021-07-13T13:00:58.131-0100][gc,cpu       ] GC(0) User=0.04s Sys=0.11s Real=0.04s
